[0.008s] Invoking command in '/home/naoko/develop_ws/build/classudp': DEBUGINFOD_URLS=https://debuginfod.ubuntu.com /usr/bin/cmake --build /home/naoko/develop_ws/build/classudp -- -j12 -l12
[0.026s] -- Found ament_cmake: 2.5.4 (/opt/ros/jazzy/share/ament_cmake/cmake)
[0.172s] -- Found rclcpp: 28.1.10 (/opt/ros/jazzy/share/rclcpp/cmake)
[0.187s] -- Found rosidl_generator_c: 4.6.5 (/opt/ros/jazzy/share/rosidl_generator_c/cmake)
[0.192s] -- Found rosidl_generator_cpp: 4.6.5 (/opt/ros/jazzy/share/rosidl_generator_cpp/cmake)
[0.198s] -- Using all available rosidl_typesupport_c: rosidl_typesupport_fastrtps_c;rosidl_typesupport_introspection_c
[0.206s] -- Using all available rosidl_typesupport_cpp: rosidl_typesupport_fastrtps_cpp;rosidl_typesupport_introspection_cpp
[0.242s] -- Found rmw_implementation_cmake: 7.3.2 (/opt/ros/jazzy/share/rmw_implementation_cmake/cmake)
[0.243s] -- Found rmw_fastrtps_cpp: 8.4.2 (/opt/ros/jazzy/share/rmw_fastrtps_cpp/cmake)
[0.290s] -- Using RMW implementation 'rmw_fastrtps_cpp' as default
[0.328s] -- Found ament_lint_auto: 0.17.2 (/opt/ros/jazzy/share/ament_lint_auto/cmake)
[0.372s] Error parsing '/home/naoko/develop_ws/src/classudp/package.xml':
[1.898s] Traceback (most recent call last):
[1.899s]   File "/usr/lib/python3/dist-packages/catkin_pkg/package.py", line 610, in parse_package_string
[1.899s]     root = dom.parseString(data)
[1.899s]            ^^^^^^^^^^^^^^^^^^^^^
[1.899s]   File "/usr/lib/python3.12/xml/dom/minidom.py", line 2000, in parseString
[1.899s]     return expatbuilder.parseString(string)
[1.899s]            ^^^^^^^^^^^^^^^^^^^^^^^^^^^^^^^^
[1.900s]   File "/usr/lib/python3.12/xml/dom/expatbuilder.py", line 922, in parseString
[1.900s]     return builder.parseString(string)
[1.900s]            ^^^^^^^^^^^^^^^^^^^^^^^^^^^
[1.900s]   File "/usr/lib/python3.12/xml/dom/expatbuilder.py", line 220, in parseString
[1.900s]     parser.Parse(string, True)
[1.900s] xml.parsers.expat.ExpatError: mismatched tag: line 22, column 2
[1.900s] 
[1.900s] During handling of the above exception, another exception occurred:
[1.900s] 
[1.900s] Traceback (most recent call last):
[1.900s]   File "/opt/ros/jazzy/share/ament_cmake_core/cmake/core/package_xml_2_cmake.py", line 150, in <module>
[1.900s]     main()
[1.900s]   File "/opt/ros/jazzy/share/ament_cmake_core/cmake/core/package_xml_2_cmake.py", line 53, in main
[1.900s]     raise e
[1.901s]   File "/opt/ros/jazzy/share/ament_cmake_core/cmake/core/package_xml_2_cmake.py", line 49, in main
[1.901s]     package = parse_package_string(
[1.901s]               ^^^^^^^^^^^^^^^^^^^^^
[1.901s]   File "/usr/lib/python3/dist-packages/catkin_pkg/package.py", line 612, in parse_package_string
[1.901s]     raise InvalidPackage('The manifest contains invalid XML:\n%s' % ex, filename)
[1.901s] catkin_pkg.package.InvalidPackage: Error(s) in package '/home/naoko/develop_ws/src/classudp/package.xml':
[1.901s] The manifest contains invalid XML:
[1.901s] mismatched tag: line 22, column 2
[1.926s] [31mCMake Error at /opt/ros/jazzy/share/ament_cmake_core/cmake/core/ament_package_xml.cmake:95 (message):
[1.926s]   execute_process(/usr/bin/python3
[1.926s]   /opt/ros/jazzy/share/ament_cmake_core/cmake/core/package_xml_2_cmake.py
[1.926s]   /home/naoko/develop_ws/src/classudp/package.xml
[1.926s]   /home/naoko/develop_ws/build/classudp/ament_cmake_core/package.cmake)
[1.926s]   returned error code 1
[1.926s] Call Stack (most recent call first):
[1.926s]   /opt/ros/jazzy/share/ament_cmake_core/cmake/core/ament_package_xml.cmake:49 (_ament_package_xml)
[1.926s]   /opt/ros/jazzy/share/ament_lint_auto/cmake/ament_lint_auto_find_test_dependencies.cmake:31 (ament_package_xml)
[1.927s]   CMakeLists.txt:34 (ament_lint_auto_find_test_dependencies)
[1.927s] 
[1.927s] [0m
[1.927s] -- Configuring incomplete, errors occurred!
[1.932s] gmake: *** [Makefile:226: cmake_check_build_system] Error 1
[1.933s] Invoked command in '/home/naoko/develop_ws/build/classudp' returned '2': DEBUGINFOD_URLS=https://debuginfod.ubuntu.com /usr/bin/cmake --build /home/naoko/develop_ws/build/classudp -- -j12 -l12
