[0.000000] (-) TimerEvent: {}
[0.000113] (classudp) JobQueued: {'identifier': 'classudp', 'dependencies': OrderedDict()}
[0.000322] (classudp) JobStarted: {'identifier': 'classudp'}
[0.006832] (classudp) JobProgress: {'identifier': 'classudp', 'progress': 'cmake'}
[0.007993] (classudp) JobProgress: {'identifier': 'classudp', 'progress': 'build'}
[0.008007] (classudp) Command: {'cmd': ['/usr/bin/cmake', '--build', '/home/naoko/develop_ws/build/classudp', '--', '-j12', '-l12'], 'cwd': '/home/naoko/develop_ws/build/classudp', 'env': OrderedDict({'LESSOPEN': '| /usr/bin/lesspipe %s', 'USER': 'naoko', 'XDG_SESSION_TYPE': 'wayland', 'CLUTTER_DISABLE_MIPMAPPED_TEXT': '1', 'SHLVL': '1', 'LD_LIBRARY_PATH': '/opt/ros/jazzy/opt/rviz_ogre_vendor/lib:/opt/ros/jazzy/lib/x86_64-linux-gnu:/opt/ros/jazzy/opt/gz_math_vendor/lib:/opt/ros/jazzy/opt/gz_utils_vendor/lib:/opt/ros/jazzy/opt/gz_cmake_vendor/lib:/opt/ros/jazzy/lib', 'HOME': '/home/naoko', 'OLDPWD': '/home/naoko', 'DESKTOP_SESSION': 'ubuntu', 'ROS_PYTHON_VERSION': '3', 'GNOME_SHELL_SESSION_MODE': 'ubuntu', 'GTK_MODULES': 'gail:atk-bridge', 'SYSTEMD_EXEC_PID': '2396', 'GSM_SKIP_SSH_AGENT_WORKAROUND': 'true', 'DBUS_SESSION_BUS_ADDRESS': 'unix:path=/run/user/1000/bus', 'COLORTERM': 'truecolor', 'DEBUGINFOD_URLS': 'https://debuginfod.ubuntu.com', 'IM_CONFIG_PHASE': '1', 'WAYLAND_DISPLAY': 'wayland-0', 'COLCON_PREFIX_PATH': '/home/naoko/Natsurobo2025/natsu_ws/install:/home/naoko/ros2_ws/install:/home/naoko/colcon_ws/install', 'ROS_DISTRO': 'jazzy', 'LOGNAME': 'naoko', '_': '/usr/bin/colcon', 'ROS_VERSION': '2', 'MEMORY_PRESSURE_WATCH': '/sys/fs/cgroup/user.slice/user-1000.slice/user@1000.service/session.slice/org.gnome.Shell@wayland.service/memory.pressure', 'XDG_SESSION_CLASS': 'user', 'USERNAME': 'naoko', 'TERM': 'xterm-256color', 'GNOME_DESKTOP_SESSION_ID': 'this-is-deprecated', 'PATH': '/opt/ros/jazzy/bin:/home/naoko/.local/bin:/usr/local/sbin:/usr/local/bin:/usr/sbin:/usr/bin:/sbin:/bin:/usr/games:/usr/local/games:/snap/bin:/snap/bin', 'SESSION_MANAGER': 'local/naoko-PC-XC750FAB:@/tmp/.ICE-unix/2345,unix/naoko-PC-XC750FAB:/tmp/.ICE-unix/2345', 'XDG_MENU_PREFIX': 'gnome-', 'GNOME_TERMINAL_SCREEN': '/org/gnome/Terminal/screen/b37091ac_5dea_45b1_b7f2_2212c0a960a6', 'GNOME_SETUP_DISPLAY': ':1', 'XDG_RUNTIME_DIR': '/run/user/1000', 'DISPLAY': ':0', 'LANG': 'en_US.UTF-8', 'XDG_CURRENT_DESKTOP': 'ubuntu:GNOME', 'XMODIFIERS': '@im=ibus', 'XDG_SESSION_DESKTOP': 'ubuntu', 'XAUTHORITY': '/run/user/1000/.mutter-Xwaylandauth.K118B3', 'LS_COLORS': 'rs=0:di=01;34:ln=01;36:mh=00:pi=40;33:so=01;35:do=01;35:bd=40;33;01:cd=40;33;01:or=40;31;01:mi=00:su=37;41:sg=30;43:ca=00:tw=30;42:ow=34;42:st=37;44:ex=01;32:*.tar=01;31:*.tgz=01;31:*.arc=01;31:*.arj=01;31:*.taz=01;31:*.lha=01;31:*.lz4=01;31:*.lzh=01;31:*.lzma=01;31:*.tlz=01;31:*.txz=01;31:*.tzo=01;31:*.t7z=01;31:*.zip=01;31:*.z=01;31:*.dz=01;31:*.gz=01;31:*.lrz=01;31:*.lz=01;31:*.lzo=01;31:*.xz=01;31:*.zst=01;31:*.tzst=01;31:*.bz2=01;31:*.bz=01;31:*.tbz=01;31:*.tbz2=01;31:*.tz=01;31:*.deb=01;31:*.rpm=01;31:*.jar=01;31:*.war=01;31:*.ear=01;31:*.sar=01;31:*.rar=01;31:*.alz=01;31:*.ace=01;31:*.zoo=01;31:*.cpio=01;31:*.7z=01;31:*.rz=01;31:*.cab=01;31:*.wim=01;31:*.swm=01;31:*.dwm=01;31:*.esd=01;31:*.avif=01;35:*.jpg=01;35:*.jpeg=01;35:*.mjpg=01;35:*.mjpeg=01;35:*.gif=01;35:*.bmp=01;35:*.pbm=01;35:*.pgm=01;35:*.ppm=01;35:*.tga=01;35:*.xbm=01;35:*.xpm=01;35:*.tif=01;35:*.tiff=01;35:*.png=01;35:*.svg=01;35:*.svgz=01;35:*.mng=01;35:*.pcx=01;35:*.mov=01;35:*.mpg=01;35:*.mpeg=01;35:*.m2v=01;35:*.mkv=01;35:*.webm=01;35:*.webp=01;35:*.ogm=01;35:*.mp4=01;35:*.m4v=01;35:*.mp4v=01;35:*.vob=01;35:*.qt=01;35:*.nuv=01;35:*.wmv=01;35:*.asf=01;35:*.rm=01;35:*.rmvb=01;35:*.flc=01;35:*.avi=01;35:*.fli=01;35:*.flv=01;35:*.gl=01;35:*.dl=01;35:*.xcf=01;35:*.xwd=01;35:*.yuv=01;35:*.cgm=01;35:*.emf=01;35:*.ogv=01;35:*.ogx=01;35:*.aac=00;36:*.au=00;36:*.flac=00;36:*.m4a=00;36:*.mid=00;36:*.midi=00;36:*.mka=00;36:*.mp3=00;36:*.mpc=00;36:*.ogg=00;36:*.ra=00;36:*.wav=00;36:*.oga=00;36:*.opus=00;36:*.spx=00;36:*.xspf=00;36:*~=00;90:*#=00;90:*.bak=00;90:*.crdownload=00;90:*.dpkg-dist=00;90:*.dpkg-new=00;90:*.dpkg-old=00;90:*.dpkg-tmp=00;90:*.old=00;90:*.orig=00;90:*.part=00;90:*.rej=00;90:*.rpmnew=00;90:*.rpmorig=00;90:*.rpmsave=00;90:*.swp=00;90:*.tmp=00;90:*.ucf-dist=00;90:*.ucf-new=00;90:*.ucf-old=00;90:', 'GNOME_TERMINAL_SERVICE': ':1.186', 'SSH_AUTH_SOCK': '/run/user/1000/keyring/ssh', 'AMENT_PREFIX_PATH': '/home/naoko/Natsurobo2025/natsu_ws/install/natsuudp:/home/naoko/ros2_ws/install/ros2udp:/opt/ros/jazzy', 'SHELL': '/bin/bash', 'QT_ACCESSIBILITY': '1', 'GDMSESSION': 'ubuntu', 'LESSCLOSE': '/usr/bin/lesspipe %s %s', 'ROS_AUTOMATIC_DISCOVERY_RANGE': 'SUBNET', 'QT_IM_MODULE': 'ibus', 'PWD': '/home/naoko/develop_ws/build/classudp', 'LC_ALL': 'en_US.UTF-8', 'XDG_CONFIG_DIRS': '/etc/xdg/xdg-ubuntu:/etc/xdg', 'XDG_DATA_DIRS': '/usr/share/ubuntu:/usr/share/gnome:/usr/local/share/:/usr/share/:/var/lib/snapd/desktop', 'PYTHONPATH': '/opt/ros/jazzy/lib/python3.12/site-packages', 'COLCON': '1', 'MEMORY_PRESSURE_WRITE': 'c29tZSAyMDAwMDAgMjAwMDAwMAA=', 'VTE_VERSION': '7600', 'CMAKE_PREFIX_PATH': '/home/naoko/Natsurobo2025/natsu_ws/install/natsuudp:/home/naoko/ros2_ws/install/ros2udp:/opt/ros/jazzy/opt/gz_math_vendor:/opt/ros/jazzy/opt/gz_utils_vendor:/opt/ros/jazzy/opt/gz_cmake_vendor'}), 'shell': False}
[0.037826] (classudp) StdoutLine: {'line': b'-- Found ament_cmake: 2.5.4 (/opt/ros/jazzy/share/ament_cmake/cmake)\n'}
[0.099899] (-) TimerEvent: {}
[0.193264] (classudp) StdoutLine: {'line': b'-- Found rclcpp: 28.1.10 (/opt/ros/jazzy/share/rclcpp/cmake)\n'}
[0.200118] (-) TimerEvent: {}
[0.219527] (classudp) StdoutLine: {'line': b'-- Found rosidl_generator_c: 4.6.5 (/opt/ros/jazzy/share/rosidl_generator_c/cmake)\n'}
[0.227584] (classudp) StdoutLine: {'line': b'-- Found rosidl_generator_cpp: 4.6.5 (/opt/ros/jazzy/share/rosidl_generator_cpp/cmake)\n'}
[0.238077] (classudp) StdoutLine: {'line': b'-- Using all available rosidl_typesupport_c: rosidl_typesupport_fastrtps_c;rosidl_typesupport_introspection_c\n'}
[0.249356] (classudp) StdoutLine: {'line': b'-- Using all available rosidl_typesupport_cpp: rosidl_typesupport_fastrtps_cpp;rosidl_typesupport_introspection_cpp\n'}
[0.300352] (classudp) StdoutLine: {'line': b'-- Found rmw_implementation_cmake: 7.3.2 (/opt/ros/jazzy/share/rmw_implementation_cmake/cmake)\n'}
[0.300554] (-) TimerEvent: {}
[0.302662] (classudp) StdoutLine: {'line': b'-- Found rmw_fastrtps_cpp: 8.4.2 (/opt/ros/jazzy/share/rmw_fastrtps_cpp/cmake)\n'}
[0.361915] (classudp) StdoutLine: {'line': b'-- Found OpenSSL: /usr/lib/x86_64-linux-gnu/libcrypto.so (found version "3.0.13")  \n'}
[0.380449] (classudp) StdoutLine: {'line': b'-- Found FastRTPS: /opt/ros/jazzy/include (Required is at least version "2.13") \n'}
[0.398242] (classudp) StdoutLine: {'line': b"-- Using RMW implementation 'rmw_fastrtps_cpp' as default\n"}
[0.400772] (-) TimerEvent: {}
[0.446159] (classudp) StdoutLine: {'line': b'-- Found std_msgs: 5.3.6 (/opt/ros/jazzy/share/std_msgs/cmake)\n'}
[0.455808] (classudp) StdoutLine: {'line': b'-- Found sensor_msgs: 5.3.6 (/opt/ros/jazzy/share/sensor_msgs/cmake)\n'}
[0.483587] (classudp) StderrLine: {'line': b'\x1b[31mCMake Error at CMakeLists.txt:24 (install):\n'}
[0.483918] (classudp) StderrLine: {'line': b'  install TARGETS given target "DEATINATION" which does not exist.\n'}
[0.484015] (classudp) StderrLine: {'line': b'\n'}
[0.484093] (classudp) StderrLine: {'line': b'\x1b[0m\n'}
[0.484169] (classudp) StdoutLine: {'line': b'-- Found ament_lint_auto: 0.17.2 (/opt/ros/jazzy/share/ament_lint_auto/cmake)\n'}
[0.500860] (-) TimerEvent: {}
[0.531398] (classudp) StderrLine: {'line': b"Error parsing '/home/naoko/develop_ws/src/classudp/package.xml':\n"}
[0.600954] (-) TimerEvent: {}
[0.701322] (-) TimerEvent: {}
[0.801635] (-) TimerEvent: {}
[0.902147] (-) TimerEvent: {}
[1.002515] (-) TimerEvent: {}
[1.102899] (-) TimerEvent: {}
[1.203288] (-) TimerEvent: {}
[1.303659] (-) TimerEvent: {}
[1.404209] (-) TimerEvent: {}
[1.504540] (-) TimerEvent: {}
[1.604861] (-) TimerEvent: {}
[1.705225] (-) TimerEvent: {}
[1.805592] (-) TimerEvent: {}
[1.905902] (-) TimerEvent: {}
[2.006219] (-) TimerEvent: {}
[2.106593] (-) TimerEvent: {}
[2.206955] (-) TimerEvent: {}
[2.214318] (classudp) StderrLine: {'line': b'Traceback (most recent call last):\n'}
[2.214536] (classudp) StderrLine: {'line': b'  File "/usr/lib/python3/dist-packages/catkin_pkg/package.py", line 610, in parse_package_string\n'}
[2.214629] (classudp) StderrLine: {'line': b'    root = dom.parseString(data)\n'}
[2.214710] (classudp) StderrLine: {'line': b'           ^^^^^^^^^^^^^^^^^^^^^\n'}
[2.214817] (classudp) StderrLine: {'line': b'  File "/usr/lib/python3.12/xml/dom/minidom.py", line 2000, in parseString\n'}
[2.215249] (classudp) StderrLine: {'line': b'    return expatbuilder.parseString(string)\n'}
[2.215337] (classudp) StderrLine: {'line': b'           ^^^^^^^^^^^^^^^^^^^^^^^^^^^^^^^^\n'}
[2.215412] (classudp) StderrLine: {'line': b'  File "/usr/lib/python3.12/xml/dom/expatbuilder.py", line 922, in parseString\n'}
[2.215497] (classudp) StderrLine: {'line': b'    return builder.parseString(string)\n'}
[2.215572] (classudp) StderrLine: {'line': b'           ^^^^^^^^^^^^^^^^^^^^^^^^^^^\n'}
[2.215641] (classudp) StderrLine: {'line': b'  File "/usr/lib/python3.12/xml/dom/expatbuilder.py", line 220, in parseString\n'}
[2.215713] (classudp) StderrLine: {'line': b'    parser.Parse(string, True)\n'}
[2.215795] (classudp) StderrLine: {'line': b'xml.parsers.expat.ExpatError: mismatched tag: line 22, column 2\n'}
[2.215867] (classudp) StderrLine: {'line': b'\n'}
[2.215937] (classudp) StderrLine: {'line': b'During handling of the above exception, another exception occurred:\n'}
[2.216012] (classudp) StderrLine: {'line': b'\n'}
[2.216084] (classudp) StderrLine: {'line': b'Traceback (most recent call last):\n'}
[2.216155] (classudp) StderrLine: {'line': b'  File "/opt/ros/jazzy/share/ament_cmake_core/cmake/core/package_xml_2_cmake.py", line 150, in <module>\n'}
[2.216228] (classudp) StderrLine: {'line': b'    main()\n'}
[2.216300] (classudp) StderrLine: {'line': b'  File "/opt/ros/jazzy/share/ament_cmake_core/cmake/core/package_xml_2_cmake.py", line 53, in main\n'}
[2.216376] (classudp) StderrLine: {'line': b'    raise e\n'}
[2.216453] (classudp) StderrLine: {'line': b'  File "/opt/ros/jazzy/share/ament_cmake_core/cmake/core/package_xml_2_cmake.py", line 49, in main\n'}
[2.216534] (classudp) StderrLine: {'line': b'    package = parse_package_string(\n'}
[2.216611] (classudp) StderrLine: {'line': b'              ^^^^^^^^^^^^^^^^^^^^^\n'}
[2.216687] (classudp) StderrLine: {'line': b'  File "/usr/lib/python3/dist-packages/catkin_pkg/package.py", line 612, in parse_package_string\n'}
[2.216775] (classudp) StderrLine: {'line': b"    raise InvalidPackage('The manifest contains invalid XML:\\n%s' % ex, filename)\n"}
[2.216851] (classudp) StderrLine: {'line': b"catkin_pkg.package.InvalidPackage: Error(s) in package '/home/naoko/develop_ws/src/classudp/package.xml':\n"}
[2.216929] (classudp) StderrLine: {'line': b'The manifest contains invalid XML:\n'}
[2.217003] (classudp) StderrLine: {'line': b'mismatched tag: line 22, column 2\n'}
[2.242396] (classudp) StderrLine: {'line': b'\x1b[31mCMake Error at /opt/ros/jazzy/share/ament_cmake_core/cmake/core/ament_package_xml.cmake:95 (message):\n'}
[2.242641] (classudp) StderrLine: {'line': b'  execute_process(/usr/bin/python3\n'}
[2.242721] (classudp) StderrLine: {'line': b'  /opt/ros/jazzy/share/ament_cmake_core/cmake/core/package_xml_2_cmake.py\n'}
[2.242801] (classudp) StderrLine: {'line': b'  /home/naoko/develop_ws/src/classudp/package.xml\n'}
[2.242874] (classudp) StderrLine: {'line': b'  /home/naoko/develop_ws/build/classudp/ament_cmake_core/package.cmake)\n'}
[2.242945] (classudp) StderrLine: {'line': b'  returned error code 1\n'}
[2.243017] (classudp) StderrLine: {'line': b'Call Stack (most recent call first):\n'}
[2.243087] (classudp) StderrLine: {'line': b'  /opt/ros/jazzy/share/ament_cmake_core/cmake/core/ament_package_xml.cmake:49 (_ament_package_xml)\n'}
[2.243157] (classudp) StderrLine: {'line': b'  /opt/ros/jazzy/share/ament_lint_auto/cmake/ament_lint_auto_find_test_dependencies.cmake:31 (ament_package_xml)\n'}
[2.243242] (classudp) StderrLine: {'line': b'  CMakeLists.txt:38 (ament_lint_auto_find_test_dependencies)\n'}
[2.243317] (classudp) StderrLine: {'line': b'\n'}
[2.243386] (classudp) StderrLine: {'line': b'\x1b[0m\n'}
[2.243454] (classudp) StdoutLine: {'line': b'-- Configuring incomplete, errors occurred!\n'}
[2.248006] (classudp) StderrLine: {'line': b'gmake: *** [Makefile:226: cmake_check_build_system] Error 1\n'}
[2.249572] (classudp) CommandEnded: {'returncode': 2}
[2.249864] (classudp) JobEnded: {'identifier': 'classudp', 'rc': 2}
[2.260392] (-) EventReactorShutdown: {}
