[0.008s] Invoking command in '/home/naoko/develop_ws/build/classudp': DEBUGINFOD_URLS=https://debuginfod.ubuntu.com /usr/bin/cmake --build /home/naoko/develop_ws/build/classudp -- -j12 -l12
[0.038s] -- Found ament_cmake: 2.5.4 (/opt/ros/jazzy/share/ament_cmake/cmake)
[0.193s] -- Found rclcpp: 28.1.10 (/opt/ros/jazzy/share/rclcpp/cmake)
[0.219s] -- Found rosidl_generator_c: 4.6.5 (/opt/ros/jazzy/share/rosidl_generator_c/cmake)
[0.227s] -- Found rosidl_generator_cpp: 4.6.5 (/opt/ros/jazzy/share/rosidl_generator_cpp/cmake)
[0.238s] -- Using all available rosidl_typesupport_c: rosidl_typesupport_fastrtps_c;rosidl_typesupport_introspection_c
[0.249s] -- Using all available rosidl_typesupport_cpp: rosidl_typesupport_fastrtps_cpp;rosidl_typesupport_introspection_cpp
[0.300s] -- Found rmw_implementation_cmake: 7.3.2 (/opt/ros/jazzy/share/rmw_implementation_cmake/cmake)
[0.302s] -- Found rmw_fastrtps_cpp: 8.4.2 (/opt/ros/jazzy/share/rmw_fastrtps_cpp/cmake)
[0.362s] -- Found OpenSSL: /usr/lib/x86_64-linux-gnu/libcrypto.so (found version "3.0.13")  
[0.380s] -- Found FastRTPS: /opt/ros/jazzy/include (Required is at least version "2.13") 
[0.398s] -- Using RMW implementation 'rmw_fastrtps_cpp' as default
[0.446s] -- Found std_msgs: 5.3.6 (/opt/ros/jazzy/share/std_msgs/cmake)
[0.456s] -- Found sensor_msgs: 5.3.6 (/opt/ros/jazzy/share/sensor_msgs/cmake)
[0.484s] [31mCMake Error at CMakeLists.txt:24 (install):
[0.484s]   install TARGETS given target "DEATINATION" which does not exist.
[0.484s] 
[0.484s] [0m
[0.484s] -- Found ament_lint_auto: 0.17.2 (/opt/ros/jazzy/share/ament_lint_auto/cmake)
[0.531s] Error parsing '/home/naoko/develop_ws/src/classudp/package.xml':
[2.214s] Traceback (most recent call last):
[2.214s]   File "/usr/lib/python3/dist-packages/catkin_pkg/package.py", line 610, in parse_package_string
[2.214s]     root = dom.parseString(data)
[2.214s]            ^^^^^^^^^^^^^^^^^^^^^
[2.215s]   File "/usr/lib/python3.12/xml/dom/minidom.py", line 2000, in parseString
[2.215s]     return expatbuilder.parseString(string)
[2.215s]            ^^^^^^^^^^^^^^^^^^^^^^^^^^^^^^^^
[2.215s]   File "/usr/lib/python3.12/xml/dom/expatbuilder.py", line 922, in parseString
[2.215s]     return builder.parseString(string)
[2.215s]            ^^^^^^^^^^^^^^^^^^^^^^^^^^^
[2.215s]   File "/usr/lib/python3.12/xml/dom/expatbuilder.py", line 220, in parseString
[2.215s]     parser.Parse(string, True)
[2.216s] xml.parsers.expat.ExpatError: mismatched tag: line 22, column 2
[2.216s] 
[2.216s] During handling of the above exception, another exception occurred:
[2.216s] 
[2.216s] Traceback (most recent call last):
[2.216s]   File "/opt/ros/jazzy/share/ament_cmake_core/cmake/core/package_xml_2_cmake.py", line 150, in <module>
[2.216s]     main()
[2.216s]   File "/opt/ros/jazzy/share/ament_cmake_core/cmake/core/package_xml_2_cmake.py", line 53, in main
[2.216s]     raise e
[2.216s]   File "/opt/ros/jazzy/share/ament_cmake_core/cmake/core/package_xml_2_cmake.py", line 49, in main
[2.216s]     package = parse_package_string(
[2.216s]               ^^^^^^^^^^^^^^^^^^^^^
[2.216s]   File "/usr/lib/python3/dist-packages/catkin_pkg/package.py", line 612, in parse_package_string
[2.217s]     raise InvalidPackage('The manifest contains invalid XML:\n%s' % ex, filename)
[2.217s] catkin_pkg.package.InvalidPackage: Error(s) in package '/home/naoko/develop_ws/src/classudp/package.xml':
[2.217s] The manifest contains invalid XML:
[2.217s] mismatched tag: line 22, column 2
[2.242s] [31mCMake Error at /opt/ros/jazzy/share/ament_cmake_core/cmake/core/ament_package_xml.cmake:95 (message):
[2.242s]   execute_process(/usr/bin/python3
[2.242s]   /opt/ros/jazzy/share/ament_cmake_core/cmake/core/package_xml_2_cmake.py
[2.243s]   /home/naoko/develop_ws/src/classudp/package.xml
[2.243s]   /home/naoko/develop_ws/build/classudp/ament_cmake_core/package.cmake)
[2.243s]   returned error code 1
[2.243s] Call Stack (most recent call first):
[2.243s]   /opt/ros/jazzy/share/ament_cmake_core/cmake/core/ament_package_xml.cmake:49 (_ament_package_xml)
[2.243s]   /opt/ros/jazzy/share/ament_lint_auto/cmake/ament_lint_auto_find_test_dependencies.cmake:31 (ament_package_xml)
[2.243s]   CMakeLists.txt:38 (ament_lint_auto_find_test_dependencies)
[2.243s] 
[2.243s] [0m
[2.243s] -- Configuring incomplete, errors occurred!
[2.248s] gmake: *** [Makefile:226: cmake_check_build_system] Error 1
[2.249s] Invoked command in '/home/naoko/develop_ws/build/classudp' returned '2': DEBUGINFOD_URLS=https://debuginfod.ubuntu.com /usr/bin/cmake --build /home/naoko/develop_ws/build/classudp -- -j12 -l12
